
> frontend@0.0.0 lint
> eslint .


/home/runner/work/FinanceWebApp/FinanceWebApp/frontend/src/App.tsx
  65:39  error  Error: Cannot create components during render

Components created during render will reset their state each time they are created. Declare components outside of render.

/home/runner/work/FinanceWebApp/FinanceWebApp/frontend/src/App.tsx:65:39
  63 |
  64 |             {/* Root Route serves the Landing Page or Redirects based on auth */}
> 65 |             <Route path="/" element={<RootRedirect />} />
     |                                       ^^^^^^^^^^^^ This component is created during render
  66 |
  67 |             {/* Generic protected routes (user must be logged in) */}
  68 |             <Route element={<ProtectedRoute />}>

/home/runner/work/FinanceWebApp/FinanceWebApp/frontend/src/App.tsx:32:24
  30 |   }, []);
  31 |
> 32 |   const RootRedirect = () => {
     |                        ^^^^^^^
> 33 |     const user = getUserAuth();
     | ^^^^^^^^^^^^^^^^^^^^^^^^^^^^^^^
> 34 |     if (user) {
     | ^^^^^^^^^^^^^^^^^^^^^^^^^^^^^^^
> 35 |       if (user.role === "ADMIN")
     | ^^^^^^^^^^^^^^^^^^^^^^^^^^^^^^^
> 36 |         return <Navigate to="/admin/dashboard" replace />;
     | ^^^^^^^^^^^^^^^^^^^^^^^^^^^^^^^
> 37 |       return <Navigate to="/dashboard" replace />;
     | ^^^^^^^^^^^^^^^^^^^^^^^^^^^^^^^
> 38 |     }
     | ^^^^^^^^^^^^^^^^^^^^^^^^^^^^^^^
> 39 |     return <Navigate to="/about" replace />;
     | ^^^^^^^^^^^^^^^^^^^^^^^^^^^^^^^
> 40 |   };
     | ^^^^ The component is created during render here
  41 |
  42 |   const AdminRoute = () => {
  43 |     const user = getUserAuth();  react-hooks/static-components
  73:32  error  Error: Cannot create components during render

Components created during render will reset their state each time they are created. Declare components outside of render.

/home/runner/work/FinanceWebApp/FinanceWebApp/frontend/src/App.tsx:73:32
  71 |
  72 |               {/* Specific protected routes for ADMIN */}
> 73 |               <Route element={<AdminRoute />}>
     |                                ^^^^^^^^^^ This component is created during render
  74 |                 <Route path="/admin/dashboard/*" element={<AdminDashboard />} />
  75 |                 {/* Any other admin routes will go here */}
  76 |               </Route>

/home/runner/work/FinanceWebApp/FinanceWebApp/frontend/src/App.tsx:42:22
  40 |   };
  41 |
> 42 |   const AdminRoute = () => {
     |                      ^^^^^^^
> 43 |     const user = getUserAuth();
     | ^^^^^^^^^^^^^^^^^^^^^^^^^^^^^^^
> 44 |     if (user?.role !== "ADMIN") return <Navigate to="/" replace />;
     | ^^^^^^^^^^^^^^^^^^^^^^^^^^^^^^^
> 45 |     return <Outlet />;
     | ^^^^^^^^^^^^^^^^^^^^^^^^^^^^^^^
> 46 |   };
     | ^^^^ The component is created during render here
  47 |
  48 |   return (
  49 |     <ThemeProvider>                                                                                                                                                                                                                                                                                                                                                       react-hooks/static-components

/home/runner/work/FinanceWebApp/FinanceWebApp/frontend/src/admin/AdminDashboard.tsx
   56:5   error  Error: Cannot access variable before it is declared

`loadData` is accessed before it is declared, which prevents the earlier access from updating when this value changes over time.

/home/runner/work/FinanceWebApp/FinanceWebApp/frontend/src/admin/AdminDashboard.tsx:56:5
  54 |
  55 |   useEffect(() => {
> 56 |     loadData();
     |     ^^^^^^^^ `loadData` accessed before it is declared
  57 |   }, []);
  58 |
  59 |   const loadData = async () => {

/home/runner/work/FinanceWebApp/FinanceWebApp/frontend/src/admin/AdminDashboard.tsx:59:3
  57 |   }, []);
  58 |
> 59 |   const loadData = async () => {
     |   ^^^^^^^^^^^^^^^^^^^^^^^^^^^^^^
> 60 |     try {
     | ^^^^^^^^^
> 61 |       const [usersRes, invitesRes] = await Promise.all([
     …
     | ^^^^^^^^^
> 72 |     }
     | ^^^^^^^^^
> 73 |   };
     | ^^^^^ `loadData` is declared here
  74 |
  75 |   const handleConfirmDelete = async (userId: string) => {
  76 |     try {  react-hooks/immutability
Error:    67:19  error  Unexpected any. Specify a different type                                                                                                                                                                                                                                                                                                                                                                                                                                                                                                                                                                                                                                                                                                                                                                                                                                                                                                                                        @typescript-eslint/no-explicit-any
Error:    80:19  error  Unexpected any. Specify a different type                                                                                                                                                                                                                                                                                                                                                                                                                                                                                                                                                                                                                                                                                                                                                                                                                                                                                                                                        @typescript-eslint/no-explicit-any
Error:   100:19  error  Unexpected any. Specify a different type                                                                                                                                                                                                                                                                                                                                                                                                                                                                                                                                                                                                                                                                                                                                                                                                                                                                                                                                        @typescript-eslint/no-explicit-any

/home/runner/work/FinanceWebApp/FinanceWebApp/frontend/src/admin/Backups.tsx
Error:   134:9   error  Unexpected any. Specify a different type  @typescript-eslint/no-explicit-any
Error:   195:19  error  Unexpected any. Specify a different type  @typescript-eslint/no-explicit-any
Error:   231:19  error  Unexpected any. Specify a different type  @typescript-eslint/no-explicit-any
Error:   255:19  error  Unexpected any. Specify a different type  @typescript-eslint/no-explicit-any
Error:   277:19  error  Unexpected any. Specify a different type  @typescript-eslint/no-explicit-any
Error:   298:19  error  Unexpected any. Specify a different type  @typescript-eslint/no-explicit-any

/home/runner/work/FinanceWebApp/FinanceWebApp/frontend/src/admin/CreateInviteForm.tsx
Error:   45:19  error  Unexpected any. Specify a different type  @typescript-eslint/no-explicit-any

/home/runner/work/FinanceWebApp/FinanceWebApp/frontend/src/admin/InvitesTable.tsx
  37:51  error  Error: Cannot call impure function during render

`Date.now` is an impure function. Calling an impure function can produce unstable results that update unpredictably when the component happens to re-render. (https://react.dev/reference/rules/components-and-hooks-must-be-pure#components-and-hooks-must-be-idempotent).

/home/runner/work/FinanceWebApp/FinanceWebApp/frontend/src/admin/InvitesTable.tsx:37:51
  35 |
  36 |   const getTimeRemaining = (expiresAt: string) => {
> 37 |     const total = new Date(expiresAt).getTime() - Date.now();
     |                                                   ^^^^^^^^^^ Cannot call impure function
  38 |     if (total <= 0) return "Expired";
  39 |
  40 |     const d = Math.floor(total / (1000 * 60 * 60 * 24));                                                                                react-hooks/purity
  80:58  error  Error: Cannot call impure function during render

`Date.now` is an impure function. Calling an impure function can produce unstable results that update unpredictably when the component happens to re-render. (https://react.dev/reference/rules/components-and-hooks-must-be-pure#components-and-hooks-must-be-idempotent).

/home/runner/work/FinanceWebApp/FinanceWebApp/frontend/src/admin/InvitesTable.tsx:80:58
  78 |                 // Calcolo dello stato effettivo
  79 |                 const isExpiredTime =
> 80 |                   new Date(invite.expiresAt).getTime() - Date.now() <= 0;
     |                                                          ^^^^^^^^^^ Cannot call impure function
  81 |
  82 |                 let displayStatus = invite.status;
  83 |                 if (displayStatus === "PENDING" && isExpiredTime) {  react-hooks/purity

/home/runner/work/FinanceWebApp/FinanceWebApp/frontend/src/api/axiosConfig.ts
Error:   172:21  error  Unexpected any. Specify a different type  @typescript-eslint/no-explicit-any

/home/runner/work/FinanceWebApp/FinanceWebApp/frontend/src/assets/Sphere.tsx
   5:10  error  The `{}` ("empty object") type allows any non-nullish value, including literals like `0` and `""`.
- If that's what you want, disable this lint rule with an inline comment or configure the 'allowObjectTypes' rule option.
- If you want a type meaning "any object", you probably want `object` instead.
- If you want a type meaning "any value", you probably want `unknown` instead  @typescript-eslint/no-empty-object-type
  12:16  error  The `{}` ("empty object") type allows any non-nullish value, including literals like `0` and `""`.
- If that's what you want, disable this lint rule with an inline comment or configure the 'allowObjectTypes' rule option.
- If you want a type meaning "any object", you probably want `object` instead.
- If you want a type meaning "any value", you probably want `unknown` instead  @typescript-eslint/no-empty-object-type

/home/runner/work/FinanceWebApp/FinanceWebApp/frontend/src/auth/ForgotPassword.tsx
Error:   57:21  error  Unexpected any. Specify a different type  @typescript-eslint/no-explicit-any
Error:   80:19  error  Unexpected any. Specify a different type  @typescript-eslint/no-explicit-any

/home/runner/work/FinanceWebApp/FinanceWebApp/frontend/src/auth/Login.tsx
Error:   33:19  error  Unexpected any. Specify a different type  @typescript-eslint/no-explicit-any

/home/runner/work/FinanceWebApp/FinanceWebApp/frontend/src/auth/LoginForm.tsx
Error:   35:47  error  Unexpected any. Specify a different type  @typescript-eslint/no-explicit-any
Error:   84:19  error  Unexpected any. Specify a different type  @typescript-eslint/no-explicit-any

/home/runner/work/FinanceWebApp/FinanceWebApp/frontend/src/auth/OAuthConsent.tsx
Warning:    84:6   warning  React Hook useEffect has missing dependencies: 'clientId', 'codeChallenge', 'navigate', 'redirectUri', and 'state'. Either include them or remove the dependency array  react-hooks/exhaustive-deps
Error:   153:19  error    Unexpected any. Specify a different type                                                                                                                                @typescript-eslint/no-explicit-any
Error:   202:19  error    Unexpected any. Specify a different type                                                                                                                                @typescript-eslint/no-explicit-any
Error:   249:19  error    Unexpected any. Specify a different type                                                                                                                                @typescript-eslint/no-explicit-any

/home/runner/work/FinanceWebApp/FinanceWebApp/frontend/src/auth/ResetPassword.tsx
Error:   61:21  error  Unexpected any. Specify a different type  @typescript-eslint/no-explicit-any
Error:   93:19  error  Unexpected any. Specify a different type  @typescript-eslint/no-explicit-any

/home/runner/work/FinanceWebApp/FinanceWebApp/frontend/src/components/DataPicker/CalendarContainer.tsx
  46:28  error  Error: Calling setState synchronously within an effect can trigger cascading renders

Effects are intended to synchronize state between React and external systems such as manually updating the DOM, state management libraries, or other platform APIs. In general, the body of an effect should do one or both of the following:
* Update external systems with the latest state from React.
* Subscribe for updates from some external system, calling setState in a callback function when external state changes.

Calling setState synchronously within an effect body causes cascading renders that can hurt performance, and is not recommended. (https://react.dev/learn/you-might-not-need-an-effect).

/home/runner/work/FinanceWebApp/FinanceWebApp/frontend/src/components/DataPicker/CalendarContainer.tsx:46:28
  44 |
  45 |   useEffect(() => {
> 46 |     if (preset === "year") setView("months");
     |                            ^^^^^^^ Avoid calling setState() directly within an effect
  47 |     else if (preset === "month" || preset === "today") setView("calendar");
  48 |   }, [preset]);
  49 |  react-hooks/set-state-in-effect

/home/runner/work/FinanceWebApp/FinanceWebApp/frontend/src/components/DataPicker/CustomDatePicker.tsx
  134:9  error    Error: Calling setState synchronously within an effect can trigger cascading renders

Effects are intended to synchronize state between React and external systems such as manually updating the DOM, state management libraries, or other platform APIs. In general, the body of an effect should do one or both of the following:
* Update external systems with the latest state from React.
* Subscribe for updates from some external system, calling setState in a callback function when external state changes.

Calling setState synchronously within an effect body causes cascading renders that can hurt performance, and is not recommended. (https://react.dev/learn/you-might-not-need-an-effect).

/home/runner/work/FinanceWebApp/FinanceWebApp/frontend/src/components/DataPicker/CustomDatePicker.tsx:134:9
  132 |     switch (preset) {
  133 |       case "today":
> 134 |         setStartDate(today);
      |         ^^^^^^^^^^^^ Avoid calling setState() directly within an effect
  135 |         setEndDate(null);
  136 |         jumpToToday();
  137 |         break;  react-hooks/set-state-in-effect
  183:7  error    Error: Calling setState synchronously within an effect can trigger cascading renders

Effects are intended to synchronize state between React and external systems such as manually updating the DOM, state management libraries, or other platform APIs. In general, the body of an effect should do one or both of the following:
* Update external systems with the latest state from React.
* Subscribe for updates from some external system, calling setState in a callback function when external state changes.

Calling setState synchronously within an effect body causes cascading renders that can hurt performance, and is not recommended. (https://react.dev/learn/you-might-not-need-an-effect).

/home/runner/work/FinanceWebApp/FinanceWebApp/frontend/src/components/DataPicker/CustomDatePicker.tsx:183:7
  181 |   useEffect(() => {
  182 |     if (!isRange && startDate && isOpen) {
> 183 |       setIsOpen(false);
      |       ^^^^^^^^^ Avoid calling setState() directly within an effect
  184 |     }
  185 |   }, [startDate, isRange]);
  186 |                     react-hooks/set-state-in-effect
Warning:   185:6  warning  React Hook useEffect has a missing dependency: 'isOpen'. Either include it or remove the dependency array                                                                                                                                                                                                                                                                                                                                                                                                                                                                                                                                                                                                                                                                                                                                                                                                                                                                                                                                                                                              react-hooks/exhaustive-deps

/home/runner/work/FinanceWebApp/FinanceWebApp/frontend/src/components/LandingPage/LandingPage.tsx
Error:   40:19  error  Unexpected any. Specify a different type  @typescript-eslint/no-explicit-any

/home/runner/work/FinanceWebApp/FinanceWebApp/frontend/src/components/ToDoPage/ToDoPage.tsx
  17:7  error  Error: Calling setState synchronously within an effect can trigger cascading renders

Effects are intended to synchronize state between React and external systems such as manually updating the DOM, state management libraries, or other platform APIs. In general, the body of an effect should do one or both of the following:
* Update external systems with the latest state from React.
* Subscribe for updates from some external system, calling setState in a callback function when external state changes.

Calling setState synchronously within an effect body causes cascading renders that can hurt performance, and is not recommended. (https://react.dev/learn/you-might-not-need-an-effect).

/home/runner/work/FinanceWebApp/FinanceWebApp/frontend/src/components/ToDoPage/ToDoPage.tsx:17:7
  15 |     const user = getUserAuth();
  16 |     if (user) {
> 17 |       setIsLoggedIn(true);
     |       ^^^^^^^^^^^^^ Avoid calling setState() directly within an effect
  18 |     }
  19 |   }, []);
  20 |  react-hooks/set-state-in-effect

/home/runner/work/FinanceWebApp/FinanceWebApp/frontend/src/components/auth/PasswordRequirements.tsx
Error:   10:14  error  Fast refresh only works when a file only exports components. Use a new file to share constants or functions between components  react-refresh/only-export-components
Error:   31:14  error  Fast refresh only works when a file only exports components. Use a new file to share constants or functions between components  react-refresh/only-export-components

/home/runner/work/FinanceWebApp/FinanceWebApp/frontend/src/components/icon/IconPickerButton.tsx
  55:7  error  Error: Calling setState synchronously within an effect can trigger cascading renders

Effects are intended to synchronize state between React and external systems such as manually updating the DOM, state management libraries, or other platform APIs. In general, the body of an effect should do one or both of the following:
* Update external systems with the latest state from React.
* Subscribe for updates from some external system, calling setState in a callback function when external state changes.

Calling setState synchronously within an effect body causes cascading renders that can hurt performance, and is not recommended. (https://react.dev/learn/you-might-not-need-an-effect).

/home/runner/work/FinanceWebApp/FinanceWebApp/frontend/src/components/icon/IconPickerButton.tsx:55:7
  53 |         spaceBelow < POPUP_HEIGHT + 8 && rect.top > POPUP_HEIGHT + 8;
  54 |
> 55 |       setCoords({
     |       ^^^^^^^^^ Avoid calling setState() directly within an effect
  56 |         top: openUpward ? rect.top - POPUP_HEIGHT + 40 : rect.bottom + 8,
  57 |         left: leftPos,
  58 |         openUpward,  react-hooks/set-state-in-effect

/home/runner/work/FinanceWebApp/FinanceWebApp/frontend/src/components/selectors/CurrencySelector.tsx
Error:    71:18  error    'e' is defined but never used                                                                                                                                                                                                                                        @typescript-eslint/no-unused-vars
Warning:    84:24  warning  The ref value 'popoverRef.current' will likely have changed by the time this effect cleanup function runs. If this ref points to a node rendered by React, copy 'popoverRef.current' to a variable inside the effect, and use that variable in the cleanup function  react-hooks/exhaustive-deps
Error:    86:18  error    'e' is defined but never used                                                                                                                                                                                                                                        @typescript-eslint/no-unused-vars
Error:    86:21  error    Empty block statement                                                                                                                                                                                                                                                no-empty
Error:   144:64  error    Unexpected any. Specify a different type                                                                                                                                                                                                                             @typescript-eslint/no-explicit-any

/home/runner/work/FinanceWebApp/FinanceWebApp/frontend/src/components/ui/AmountInput.tsx
Error:   21:12  error  Unnecessary escape character: \+                                                                                                                                                                                                                                                                                                                                                                                                                                                                                                                                                                                                                                                                                                                                                                                                                                                                                                                                                                                                                                                                                                                                                                                                                                                                                                                                                                         no-useless-escape
Error:   21:16  error  Unnecessary escape character: \*                                                                                                                                                                                                                                                                                                                                                                                                                                                                                                                                                                                                                                                                                                                                                                                                                                                                                                                                                                                                                                                                                                                                                                                                                                                                                                                                                                         no-useless-escape
  95:9   error  Error: Cannot access variable before it is declared

`adjustTextSize` is accessed before it is declared, which prevents the earlier access from updating when this value changes over time.

/home/runner/work/FinanceWebApp/FinanceWebApp/frontend/src/components/ui/AmountInput.tsx:95:9
  93 |       } else if (internalRef.current.value === "") {
  94 |         internalRef.current.value = value;
> 95 |         adjustTextSize(value);
     |         ^^^^^^^^^^^^^^ `adjustTextSize` accessed before it is declared
  96 |       }
  97 |     }
  98 |   }, [value]);

/home/runner/work/FinanceWebApp/FinanceWebApp/frontend/src/components/ui/AmountInput.tsx:118:3
  116 |   }, [type]);
  117 |
> 118 |   const adjustTextSize = (text: string) => {
      |   ^^^^^^^^^^^^^^^^^^^^^^^^^^^^^^^^^^^^^^^^^^
> 119 |     const length = text.length;
      | ^^^^^^^^^^^^^^^^^^^^^^^^^^^^^^^
> 120 |     if (length > 12) setTextSize("text-4xl");
      | ^^^^^^^^^^^^^^^^^^^^^^^^^^^^^^^
> 121 |     else if (length > 8) setTextSize("text-5xl");
      | ^^^^^^^^^^^^^^^^^^^^^^^^^^^^^^^
> 122 |     else setTextSize("text-6xl");
      | ^^^^^^^^^^^^^^^^^^^^^^^^^^^^^^^
> 123 |   };
      | ^^^^^ `adjustTextSize` is declared here
  124 |
  125 |   // Centralizziamo gli aggiornamenti di stato
  126 |   const updateAmountState = (rawVal: string, selectionStart?: number) => {  react-hooks/immutability

/home/runner/work/FinanceWebApp/FinanceWebApp/frontend/src/components/ui/PWAPrompt.tsx
Error:   10:35  error  '_r' is defined but never used            @typescript-eslint/no-unused-vars
Error:   13:28  error  Unexpected any. Specify a different type  @typescript-eslint/no-explicit-any

/home/runner/work/FinanceWebApp/FinanceWebApp/frontend/src/components/ui/TagBadge.tsx
Error:   14:14  error  Unexpected any. Specify a different type                                                                                             @typescript-eslint/no-explicit-any
Error:   18:18  error  Unexpected any. Specify a different type                                                                                             @typescript-eslint/no-explicit-any
Error:   18:26  error  Unexpected any. Specify a different type                                                                                             @typescript-eslint/no-explicit-any
Error:   21:20  error  React Hook "useWalletContext" is called conditionally. React Hooks must be called in the exact same order in every component render  react-hooks/rules-of-hooks

/home/runner/work/FinanceWebApp/FinanceWebApp/frontend/src/components/ui/ToastNotification.tsx
Error:   14:14  error  Fast refresh only works when a file only exports components. Use a new file to share constants or functions between components  react-refresh/only-export-components
Error:   41:18  error  'e' is defined but never used                                                                                                   @typescript-eslint/no-unused-vars

/home/runner/work/FinanceWebApp/FinanceWebApp/frontend/src/dashboard/UserDashboard.tsx
Error:   49:14  error    'err' is defined but never used                                                                               @typescript-eslint/no-unused-vars
Warning:   59:6   warning  React Hook useEffect has a missing dependency: 'fetchData'. Either include it or remove the dependency array  react-hooks/exhaustive-deps
Error:   82:19  error    Unexpected any. Specify a different type                                                                      @typescript-eslint/no-explicit-any

/home/runner/work/FinanceWebApp/FinanceWebApp/frontend/src/dashboard/settings/MemberCategory.tsx
Error:   9:9  error  Unexpected any. Specify a different type  @typescript-eslint/no-explicit-any

/home/runner/work/FinanceWebApp/FinanceWebApp/frontend/src/dashboard/settings/MemberRow.tsx
Error:   15:9  error  Unexpected any. Specify a different type                                                                                                                                                                                                                                                                                                                                                                                                                                                                                                                                                                                                                                                                                                                                                                                                                                                                                                                                                                                                                                @typescript-eslint/no-explicit-any
  39:5  error  Error: Calling setState synchronously within an effect can trigger cascading renders

Effects are intended to synchronize state between React and external systems such as manually updating the DOM, state management libraries, or other platform APIs. In general, the body of an effect should do one or both of the following:
* Update external systems with the latest state from React.
* Subscribe for updates from some external system, calling setState in a callback function when external state changes.

Calling setState synchronously within an effect body causes cascading renders that can hurt performance, and is not recommended. (https://react.dev/learn/you-might-not-need-an-effect).

/home/runner/work/FinanceWebApp/FinanceWebApp/frontend/src/dashboard/settings/MemberRow.tsx:39:5
  37 |
  38 |   useEffect(() => {
> 39 |     setSelectedRole(member.role === "OWNER" ? "VIEWER" : member.role);
     |     ^^^^^^^^^^^^^^^ Avoid calling setState() directly within an effect
  40 |   }, [member.role]);
  41 |
  42 |   return (  react-hooks/set-state-in-effect

/home/runner/work/FinanceWebApp/FinanceWebApp/frontend/src/dashboard/settings/ShareSettingsSection.tsx
Warning:   29:6   warning  React Hook useEffect has a missing dependency: 'fetchMembers'. Either include it or remove the dependency array  react-hooks/exhaustive-deps
Error:   36:14  error    'err' is defined but never used                                                                                  @typescript-eslint/no-unused-vars
Error:   59:19  error    Unexpected any. Specify a different type                                                                         @typescript-eslint/no-explicit-any
Error:   73:14  error    'err' is defined but never used                                                                                  @typescript-eslint/no-unused-vars
Error:   87:14  error    'err' is defined but never used                                                                                  @typescript-eslint/no-unused-vars

/home/runner/work/FinanceWebApp/FinanceWebApp/frontend/src/dashboard/statistics/CumulativeChart.tsx
  76:7  error  Error: Cannot reassign variable after render completes

Reassigning `cumIncome` after render has completed can cause inconsistent behavior on subsequent renders. Consider using state instead.

/home/runner/work/FinanceWebApp/FinanceWebApp/frontend/src/dashboard/statistics/CumulativeChart.tsx:76:7
  74 |     let cumExpense = 0;
  75 |     return buckets.map((b, i) => {
> 76 |       cumIncome += b.income;
     |       ^^^^^^^^^ Cannot reassign `cumIncome` after render completes
  77 |       cumExpense += b.expense;
  78 |       return {
  79 |         label: labels[i],  react-hooks/immutability

/home/runner/work/FinanceWebApp/FinanceWebApp/frontend/src/dashboard/subscription/SubscriptionCalendar.tsx
Error:    26:29  error  Unexpected any. Specify a different type                                                                                                                                                                                                                                                                                                                                                                                                                                                                                                                                                                                                                                                                                                                                                                                                                                                                                                                                                                                                                                                                                                                                                                                         @typescript-eslint/no-explicit-any
   56:5   error  Error: Calling setState synchronously within an effect can trigger cascading renders

Effects are intended to synchronize state between React and external systems such as manually updating the DOM, state management libraries, or other platform APIs. In general, the body of an effect should do one or both of the following:
* Update external systems with the latest state from React.
* Subscribe for updates from some external system, calling setState in a callback function when external state changes.

Calling setState synchronously within an effect body causes cascading renders that can hurt performance, and is not recommended. (https://react.dev/learn/you-might-not-need-an-effect).

/home/runner/work/FinanceWebApp/FinanceWebApp/frontend/src/dashboard/subscription/SubscriptionCalendar.tsx:56:5
  54 |     const neededYears = [currentYear - 1, currentYear, currentYear + 1];
  55 |
> 56 |     setCacheInfo((prev) => {
     |     ^^^^^^^^^^^^ Avoid calling setState() directly within an effect
  57 |       const isHashChanged = prev.subsHash !== subsHash;
  58 |       const currentMap = isHashChanged ? {} : { ...prev.yearsMap };
  59 |       let hasChanges = isHashChanged;  react-hooks/set-state-in-effect
Error:   262:27  error  Expected an assignment or function call and instead saw an expression                                                                                                                                                                                                                                                                                                                                                                                                                                                                                                                                                                                                                                                                                                                                                                                                                                                                                                                                                                                                                                                                                                                                                            @typescript-eslint/no-unused-expressions

/home/runner/work/FinanceWebApp/FinanceWebApp/frontend/src/dashboard/subscription/SubscriptionList.tsx
Error:   16:29  error  Unexpected any. Specify a different type  @typescript-eslint/no-explicit-any
Error:   80:52  error  Unexpected any. Specify a different type  @typescript-eslint/no-explicit-any
Error:   89:66  error  Unexpected any. Specify a different type  @typescript-eslint/no-explicit-any

/home/runner/work/FinanceWebApp/FinanceWebApp/frontend/src/dashboard/tag/CategoryCharts.tsx
Error:    99:20  error  Unexpected any. Specify a different type  @typescript-eslint/no-explicit-any
Error:   102:17  error  '_' is defined but never used             @typescript-eslint/no-unused-vars
Error:   136:26  error  Unexpected any. Specify a different type  @typescript-eslint/no-explicit-any
Error:   148:30  error  Unexpected any. Specify a different type  @typescript-eslint/no-explicit-any

/home/runner/work/FinanceWebApp/FinanceWebApp/frontend/src/dashboard/transaction/TransactionsTable.tsx
Error:   97:19  error  Unexpected any. Specify a different type  @typescript-eslint/no-explicit-any

/home/runner/work/FinanceWebApp/FinanceWebApp/frontend/src/dashboard/wallet/WalletContext.tsx
Error:    57:14  error    Fast refresh only works when a file only exports components. Use a new file to share constants or functions between components                                                                                                                                              react-refresh/only-export-components
Warning:   143:6   warning  React Hook useEffect has missing dependencies: '_wallet' and 'fetchData'. Either include them or remove the dependency array. If 'setWallet' needs the current value of '_wallet', you can also switch to useReducer instead of useState and read '_wallet' in the reducer  react-hooks/exhaustive-deps
Error:   162:19  error    Unexpected any. Specify a different type                                                                                                                                                                                                                                    @typescript-eslint/no-explicit-any
Error:   180:19  error    Unexpected any. Specify a different type                                                                                                                                                                                                                                    @typescript-eslint/no-explicit-any
Error:   213:19  error    Unexpected any. Specify a different type                                                                                                                                                                                                                                    @typescript-eslint/no-explicit-any
Error:   229:19  error    Unexpected any. Specify a different type                                                                                                                                                                                                                                    @typescript-eslint/no-explicit-any
Error:   244:19  error    Unexpected any. Specify a different type                                                                                                                                                                                                                                    @typescript-eslint/no-explicit-any

/home/runner/work/FinanceWebApp/FinanceWebApp/frontend/src/dashboard/wallet/WalletTabs.tsx
Error:   18:51  error  Unexpected any. Specify a different type  @typescript-eslint/no-explicit-any

/home/runner/work/FinanceWebApp/FinanceWebApp/frontend/src/hooks/useMobileMath.ts
  9:5  error  Error: Calling setState synchronously within an effect can trigger cascading renders

Effects are intended to synchronize state between React and external systems such as manually updating the DOM, state management libraries, or other platform APIs. In general, the body of an effect should do one or both of the following:
* Update external systems with the latest state from React.
* Subscribe for updates from some external system, calling setState in a callback function when external state changes.

Calling setState synchronously within an effect body causes cascading renders that can hurt performance, and is not recommended. (https://react.dev/learn/you-might-not-need-an-effect).

/home/runner/work/FinanceWebApp/FinanceWebApp/frontend/src/hooks/useMobileMath.ts:9:5
   7 |   useEffect(() => {
   8 |     const mobile = window.matchMedia("(pointer: coarse)").matches;
>  9 |     setIsMobile(mobile);
     |     ^^^^^^^^^^^ Avoid calling setState() directly within an effect
  10 |
  11 |     if (!mobile || !window.visualViewport) return;
  12 |  react-hooks/set-state-in-effect

/home/runner/work/FinanceWebApp/FinanceWebApp/frontend/src/main.tsx
Error:    8:12  error  Unexpected any. Specify a different type  @typescript-eslint/no-explicit-any
Error:   11:14  error  Unexpected any. Specify a different type  @typescript-eslint/no-explicit-any

/home/runner/work/FinanceWebApp/FinanceWebApp/frontend/src/modals/Calendar/CalendarDayDetailModal.tsx
Error:   31:29  error  Unexpected any. Specify a different type  @typescript-eslint/no-explicit-any

/home/runner/work/FinanceWebApp/FinanceWebApp/frontend/src/modals/TransactionModal/TagPicker/TagPicker.tsx
  57:5  error  Error: Calling setState synchronously within an effect can trigger cascading renders

Effects are intended to synchronize state between React and external systems such as manually updating the DOM, state management libraries, or other platform APIs. In general, the body of an effect should do one or both of the following:
* Update external systems with the latest state from React.
* Subscribe for updates from some external system, calling setState in a callback function when external state changes.

Calling setState synchronously within an effect body causes cascading renders that can hurt performance, and is not recommended. (https://react.dev/learn/you-might-not-need-an-effect).

/home/runner/work/FinanceWebApp/FinanceWebApp/frontend/src/modals/TransactionModal/TagPicker/TagPicker.tsx:57:5
  55 |   // Resetta l'aggiunta rapida se l'utente naviga tra le cartelle
  56 |   useEffect(() => {
> 57 |     setIsAddingTag(false);
     |     ^^^^^^^^^^^^^^ Avoid calling setState() directly within an effect
  58 |   }, [currentParentName]);
  59 |
  60 |   const selectedTag = tags.find((t) => t.name === selectedTagName);  react-hooks/set-state-in-effect

/home/runner/work/FinanceWebApp/FinanceWebApp/frontend/src/modals/TransactionModal/TagPicker/TagPickerAddForm.tsx
  33:5  error  Error: Calling setState synchronously within an effect can trigger cascading renders

Effects are intended to synchronize state between React and external systems such as manually updating the DOM, state management libraries, or other platform APIs. In general, the body of an effect should do one or both of the following:
* Update external systems with the latest state from React.
* Subscribe for updates from some external system, calling setState in a callback function when external state changes.

Calling setState synchronously within an effect body causes cascading renders that can hurt performance, and is not recommended. (https://react.dev/learn/you-might-not-need-an-effect).

/home/runner/work/FinanceWebApp/FinanceWebApp/frontend/src/modals/TransactionModal/TagPicker/TagPickerAddForm.tsx:33:5
  31 |   // Aggiorna colore e padre se l'utente naviga nel menu mentre il form è aperto
  32 |   useEffect(() => {
> 33 |     setNewTag((prev) => ({
     |     ^^^^^^^^^ Avoid calling setState() directly within an effect
  34 |       ...prev,
  35 |       colorHex: currentParentColor,
  36 |       parentName: currentParentName,  react-hooks/set-state-in-effect

/home/runner/work/FinanceWebApp/FinanceWebApp/frontend/src/modals/TransactionModal/TransactionModal.tsx
Error:    63:39  error  Unexpected any. Specify a different type  @typescript-eslint/no-explicit-any
Error:    66:37  error  Unexpected any. Specify a different type  @typescript-eslint/no-explicit-any
Error:    71:33  error  Unexpected any. Specify a different type  @typescript-eslint/no-explicit-any
Error:   127:21  error  Unexpected any. Specify a different type  @typescript-eslint/no-explicit-any

/home/runner/work/FinanceWebApp/FinanceWebApp/frontend/src/modals/TransactionModal/TransactionView.tsx
Error:    42:38  error  Unexpected any. Specify a different type  @typescript-eslint/no-explicit-any
Error:    43:21  error  Unexpected any. Specify a different type  @typescript-eslint/no-explicit-any
Error:   131:19  error  Unexpected any. Specify a different type  @typescript-eslint/no-explicit-any
Error:   132:20  error  Unexpected any. Specify a different type  @typescript-eslint/no-explicit-any
Error:   138:28  error  Unexpected any. Specify a different type  @typescript-eslint/no-explicit-any
Error:   140:42  error  Unexpected any. Specify a different type  @typescript-eslint/no-explicit-any

/home/runner/work/FinanceWebApp/FinanceWebApp/frontend/src/modals/app/AboutAppModal.tsx
Error:   32:14  error  'e' is defined but never used  @typescript-eslint/no-unused-vars

/home/runner/work/FinanceWebApp/FinanceWebApp/frontend/src/modals/auth/ChangePasswordModal.tsx
Error:   59:21  error  Unexpected any. Specify a different type  @typescript-eslint/no-explicit-any

/home/runner/work/FinanceWebApp/FinanceWebApp/frontend/src/modals/auth/LogoutModal.tsx
Error:   12:59  error  Unexpected empty object pattern  no-empty-pattern
Error:   34:14  error  'e' is defined but never used    @typescript-eslint/no-unused-vars

/home/runner/work/FinanceWebApp/FinanceWebApp/frontend/src/modals/auth/ProfileModal.tsx
Error:   32:22  error  Unexpected any. Specify a different type  @typescript-eslint/no-explicit-any
Error:   38:19  error  Unexpected any. Specify a different type  @typescript-eslint/no-explicit-any

/home/runner/work/FinanceWebApp/FinanceWebApp/frontend/src/modals/common/DeleteModal.tsx
Error:   31:59  error  Unexpected empty object pattern  no-empty-pattern

/home/runner/work/FinanceWebApp/FinanceWebApp/frontend/src/modals/common/DeleteModalContext.tsx
Error:   7:14  error  Fast refresh only works when a file only exports components. Use a new file to share constants or functions between components  react-refresh/only-export-components

/home/runner/work/FinanceWebApp/FinanceWebApp/frontend/src/modals/common/ModalDialog.tsx
Error:   13:18  error  Unexpected any. Specify a different type  @typescript-eslint/no-explicit-any

/home/runner/work/FinanceWebApp/FinanceWebApp/frontend/src/modals/invitations/InvitationsModal.tsx
Error:   44:16  error  'err' is defined but never used           @typescript-eslint/no-unused-vars
Error:   44:21  error  Unexpected any. Specify a different type  @typescript-eslint/no-explicit-any

/home/runner/work/FinanceWebApp/FinanceWebApp/frontend/src/modals/pat/PatModal.tsx
Error:    73:19  error  Unexpected any. Specify a different type  @typescript-eslint/no-explicit-any
Error:   121:14  error  'err' is defined but never used           @typescript-eslint/no-unused-vars
Error:   121:19  error  Unexpected any. Specify a different type  @typescript-eslint/no-explicit-any
Error:   165:19  error  Unexpected any. Specify a different type  @typescript-eslint/no-explicit-any
Error:   178:19  error  Unexpected any. Specify a different type  @typescript-eslint/no-explicit-any

/home/runner/work/FinanceWebApp/FinanceWebApp/frontend/src/modals/subscription/SubscriptionDetailsModal.tsx
Error:    55:19  error  Unexpected any. Specify a different type                                                                                                                                                                                                                                                                                                                                                                                                                                                                                                                                                                                                                                                                                                                                              @typescript-eslint/no-explicit-any
Error:    94:19  error  Unexpected any. Specify a different type                                                                                                                                                                                                                                                                                                                                                                                                                                                                                                                                                                                                                                                                                                                                              @typescript-eslint/no-explicit-any
Error:   103:18  error  Unexpected any. Specify a different type                                                                                                                                                                                                                                                                                                                                                                                                                                                                                                                                                                                                                                                                                                                                              @typescript-eslint/no-explicit-any
  148:21  error  Error: Cannot access refs during render

React refs are values that are not needed for rendering. Refs should only be accessed outside of render, such as in event handlers or effects. Accessing a ref value (the `current` property) during render can cause your component not to update as expected (https://react.dev/reference/react/useRef).

/home/runner/work/FinanceWebApp/FinanceWebApp/frontend/src/modals/subscription/SubscriptionDetailsModal.tsx:148:21
  146 |       ref={dialogRef}
  147 |       className="max-w-[550px]"
> 148 |       rightActions={rightActions()}
      |                     ^^^^^^^^^^^^ This function accesses a ref value
  149 |     >
  150 |       {sub && <SubscriptionView sub={sub} wallet={wallet} />}
  151 |     </ModalDialog>  react-hooks/refs

/home/runner/work/FinanceWebApp/FinanceWebApp/frontend/src/modals/subscription/SubscriptionModal.tsx
Error:    80:40  error  Unexpected any. Specify a different type  @typescript-eslint/no-explicit-any
Error:   178:21  error  Unexpected any. Specify a different type  @typescript-eslint/no-explicit-any
Error:   235:35  error  Unexpected any. Specify a different type  @typescript-eslint/no-explicit-any
Error:   247:29  error  Unexpected any. Specify a different type  @typescript-eslint/no-explicit-any
Error:   248:35  error  Unexpected any. Specify a different type  @typescript-eslint/no-explicit-any
Error:   301:64  error  Unexpected any. Specify a different type  @typescript-eslint/no-explicit-any
Error:   322:59  error  Unexpected any. Specify a different type  @typescript-eslint/no-explicit-any
Error:   370:53  error  Unexpected any. Specify a different type  @typescript-eslint/no-explicit-any

/home/runner/work/FinanceWebApp/FinanceWebApp/frontend/src/modals/subscription/SubscriptionView.tsx
Error:    29:39  error  Unexpected any. Specify a different type  @typescript-eslint/no-explicit-any
Error:    30:22  error  Unexpected any. Specify a different type  @typescript-eslint/no-explicit-any
Error:   167:18  error  Unexpected any. Specify a different type  @typescript-eslint/no-explicit-any
Error:   168:19  error  Unexpected any. Specify a different type  @typescript-eslint/no-explicit-any
Error:   173:43  error  Unexpected any. Specify a different type  @typescript-eslint/no-explicit-any
Error:   174:41  error  Unexpected any. Specify a different type  @typescript-eslint/no-explicit-any

/home/runner/work/FinanceWebApp/FinanceWebApp/frontend/src/modals/tags/CreateTagModal.tsx
Error:   77:21  error  Unexpected any. Specify a different type  @typescript-eslint/no-explicit-any

/home/runner/work/FinanceWebApp/FinanceWebApp/frontend/src/modals/wallet/CreateWalletModal.tsx
Error:    91:21  error  Unexpected any. Specify a different type                                                                             @typescript-eslint/no-explicit-any
Error:   101:5   error  Use "@ts-expect-error" instead of "@ts-ignore", as "@ts-ignore" will do nothing if the following line is error-free  @typescript-eslint/ban-ts-comment

/home/runner/work/FinanceWebApp/FinanceWebApp/frontend/src/modals/wallet/ShareWalletModal.tsx
Error:   59:21  error  Unexpected any. Specify a different type  @typescript-eslint/no-explicit-any

/home/runner/work/FinanceWebApp/FinanceWebApp/frontend/src/register/Register.tsx
Error:    65:21  error  Unexpected any. Specify a different type  @typescript-eslint/no-explicit-any
Error:   110:19  error  Unexpected any. Specify a different type  @typescript-eslint/no-explicit-any

/home/runner/work/FinanceWebApp/FinanceWebApp/frontend/src/register/Register_old.tsx
Error:    63:21  error  Unexpected any. Specify a different type  @typescript-eslint/no-explicit-any
Error:   108:19  error  Unexpected any. Specify a different type  @typescript-eslint/no-explicit-any

/home/runner/work/FinanceWebApp/FinanceWebApp/frontend/src/utils/PWAContext.tsx
Error:    4:18  error  Unexpected any. Specify a different type                                                                                                                                                                                                                                                                                                                                                                                                                                                                                                                                                                                                                                                                                                                                                                                                                                                                                                                                                                                                                                                                                                                              @typescript-eslint/no-explicit-any
Error:   13:14  error  Fast refresh only works when a file only exports components. Use a new file to share constants or functions between components                                                                                                                                                                                                                                                                                                                                                                                                                                                                                                                                                                                                                                                                                                                                                                                                                                                                                                                                                                                                                                        react-refresh/only-export-components
Error:   18:54  error  Unexpected any. Specify a different type                                                                                                                                                                                                                                                                                                                                                                                                                                                                                                                                                                                                                                                                                                                                                                                                                                                                                                                                                                                                                                                                                                                              @typescript-eslint/no-explicit-any
Error:   22:20  error  Unexpected any. Specify a different type                                                                                                                                                                                                                                                                                                                                                                                                                                                                                                                                                                                                                                                                                                                                                                                                                                                                                                                                                                                                                                                                                                                              @typescript-eslint/no-explicit-any
  23:7   error  Error: Calling setState synchronously within an effect can trigger cascading renders

Effects are intended to synchronize state between React and external systems such as manually updating the DOM, state management libraries, or other platform APIs. In general, the body of an effect should do one or both of the following:
* Update external systems with the latest state from React.
* Subscribe for updates from some external system, calling setState in a callback function when external state changes.

Calling setState synchronously within an effect body causes cascading renders that can hurt performance, and is not recommended. (https://react.dev/learn/you-might-not-need-an-effect).

/home/runner/work/FinanceWebApp/FinanceWebApp/frontend/src/utils/PWAContext.tsx:23:7
  21 |     // Controlliamo se per caso è scattato prima che React montasse il componente
  22 |     if ((window as any)._pwaInstallPrompt) {
> 23 |       setInstallPrompt((window as any)._pwaInstallPrompt);
     |       ^^^^^^^^^^^^^^^^ Avoid calling setState() directly within an effect
  24 |     }
  25 |
  26 |     const handler = (e: any) => {  react-hooks/set-state-in-effect
Error:   23:35  error  Unexpected any. Specify a different type                                                                                                                                                                                                                                                                                                                                                                                                                                                                                                                                                                                                                                                                                                                                                                                                                                                                                                                                                                                                                                                                                                                              @typescript-eslint/no-explicit-any
Error:   26:25  error  Unexpected any. Specify a different type                                                                                                                                                                                                                                                                                                                                                                                                                                                                                                                                                                                                                                                                                                                                                                                                                                                                                                                                                                                                                                                                                                                              @typescript-eslint/no-explicit-any
Error:   32:18  error  Unexpected any. Specify a different type                                                                                                                                                                                                                                                                                                                                                                                                                                                                                                                                                                                                                                                                                                                                                                                                                                                                                                                                                                                                                                                                                                                              @typescript-eslint/no-explicit-any

/home/runner/work/FinanceWebApp/FinanceWebApp/frontend/src/utils/ThemeContext.tsx
Error:   68:14  error  Fast refresh only works when a file only exports components. Use a new file to share constants or functions between components  react-refresh/only-export-components

/home/runner/work/FinanceWebApp/FinanceWebApp/frontend/src/utils/offlineDb.ts
Error:    5:9   error  Unexpected any. Specify a different type  @typescript-eslint/no-explicit-any
Error:   13:12  error  Unexpected any. Specify a different type  @typescript-eslint/no-explicit-any
Error:   14:12  error  Unexpected any. Specify a different type  @typescript-eslint/no-explicit-any

/home/runner/work/FinanceWebApp/FinanceWebApp/frontend/src/utils/syncService.ts
Error:   21:14  error  Unexpected any. Specify a different type  @typescript-eslint/no-explicit-any
Error:   26:21  error  Unexpected any. Specify a different type  @typescript-eslint/no-explicit-any

✖ 157 problems (151 errors, 6 warnings)

Error: Process completed with exit code 1.
